// Jest Snapshot v1, https://goo.gl/fbAQLP

exports[`test add positive integers the data is peanut butter 1`] = `104`;
