version https://git-lfs.github.com/spec/v1
oid sha256:734b7ce6fbd53408e0c15cef10653631830b1861129f7b1d2bd7273d30fe2da1
size 4174487
